-- Configuring done (0.4s)
-- Generating done (0.1s)
-- Build files have been written to: /Users/inostarlin/code/Fovelle/build
[  0%] Built target fovelle_native_drag_helper_autogen_timestamp_deps
[  0%] Built target Fovelle_autogen_timestamp_deps
[  0%] Built target fovelle_tests_autogen_timestamp_deps
[  4%] Built target Fovelle_lrelease
[  5%] Built target fovelle_native_drag_helper_autogen
[  8%] Automatic MOC and UIC for target Fovelle
[  8%] Automatic MOC and UIC for target fovelle_tests
[ 10%] Built target fovelle_sparkle_probe
[ 15%] Built target fovelle_native_drag_helper
[ 15%] Built target Fovelle_autogen
[ 15%] Built target fovelle_tests_autogen
[ 16%] Building OBJCXX object CMakeFiles/Fovelle.dir/src/updatechecker_sparkle.mm.o
[ 17%] Building OBJCXX object tests/CMakeFiles/fovelle_tests.dir/__/src/updatechecker_sparkle.mm.o
[ 19%] Linking CXX executable Fovelle.app/Contents/MacOS/Fovelle
[ 20%] Linking CXX executable fovelle_tests
[ 57%] Built target fovelle_tests
[100%] Built target Fovelle
